  latex.cpp
C:\00\02 Projects\Factory\projekti\revival\Latex CPP\latexpp\dependencies\include\wkhtmltox\image.h(24,8): warning C4099: 'wkhtmltoimage_global_settings': type name first seen using 'class' now seen using 'struct'
  (compiling source file '../src/latex.cpp')
      C:\00\02 Projects\Factory\projekti\revival\Latex CPP\latexpp\include\latex.hpp(18,7):
      see declaration of 'wkhtmltoimage_global_settings'
  
C:\00\02 Projects\Factory\projekti\revival\Latex CPP\latexpp\dependencies\include\wkhtmltox\image.h(25,16): warning C4099: 'wkhtmltoimage_global_settings': type name first seen using 'class' now seen using 'struct'
  (compiling source file '../src/latex.cpp')
      C:\00\02 Projects\Factory\projekti\revival\Latex CPP\latexpp\include\latex.hpp(18,7):
      see declaration of 'wkhtmltoimage_global_settings'
  
C:\00\02 Projects\Factory\projekti\revival\Latex CPP\latexpp\dependencies\include\wkhtmltox\image.h(27,8): warning C4099: 'wkhtmltoimage_converter': type name first seen using 'class' now seen using 'struct'
  (compiling source file '../src/latex.cpp')
      C:\00\02 Projects\Factory\projekti\revival\Latex CPP\latexpp\include\latex.hpp(17,7):
      see declaration of 'wkhtmltoimage_converter'
  
C:\00\02 Projects\Factory\projekti\revival\Latex CPP\latexpp\dependencies\include\wkhtmltox\image.h(28,16): warning C4099: 'wkhtmltoimage_converter': type name first seen using 'class' now seen using 'struct'
  (compiling source file '../src/latex.cpp')
      C:\00\02 Projects\Factory\projekti\revival\Latex CPP\latexpp\include\latex.hpp(17,7):
      see declaration of 'wkhtmltoimage_converter'
  
  Latexcpp_Demo.vcxproj -> C:\00\02 Projects\Factory\projekti\revival\Latex CPP\latexpp\x64\Debug\Latexcpp_Demo.exe
  'pwsh.exe' is not recognized as an internal or external command,
  operable program or batch file.
